// Jest Snapshot v1, https://jestjs.io/docs/snapshot-testing

exports[`Testing getSprintResults function Should return sprint results with requsted number id 1`] = `
[
  {
    "raceType": "SPRINT RACE",
    "results": [
      {
        "best": "1:46.599",
        "code": "LIN",
        "gap": "-",
        "int": "-",
        "kph": "193.212",
        "lap": 11,
        "laps": 20,
        "name": "A. Lindblad",
        "number": 4,
        "position": "1",
        "team": "Campos Racing",
        "time": "38:16.059",
      },
      {
        "best": "1:46.589",
        "code": "JMA",
        "gap": "0.578",
        "int": "0.578",
        "kph": "193.164",
        "lap": 20,
        "laps": 20,
        "name": "J. Martí",
        "number": 3,
        "position": "2",
        "team": "Campos Racing",
        "time": "38:16.637",
      },
      {
        "best": "1:46.638",
        "code": "DUN",
        "gap": "2.087",
        "int": "1.509",
        "kph": "193.037",
        "lap": 15,
        "laps": 20,
        "name": "A. Dunne",
        "number": 17,
        "position": "3",
        "team": "Rodin Motorsport",
        "time": "38:18.146",
      },
      {
        "best": "1:46.313",
        "code": "VER",
        "gap": "3.492",
        "int": "-",
        "kph": "192.919",
        "lap": 19,
        "laps": 20,
        "name": "R. Verschoor",
        "number": 6,
        "position": "4",
        "team": "MP Motorsport",
        "time": "38:19.551",
      },
      {
        "best": "1:47.349",
        "code": "STA",
        "gap": "3.532",
        "int": "0.040",
        "kph": "192.916",
        "lap": 20,
        "laps": 20,
        "name": "R. Stanek",
        "number": 2,
        "position": "5",
        "team": "Invicta Racing",
        "time": "38:19.591",
      },
      {
        "best": "1:47.039",
        "code": "MIN",
        "gap": "4.254",
        "int": "0.722",
        "kph": "192.855",
        "lap": 20,
        "laps": 20,
        "name": "G. Minì",
        "number": 10,
        "position": "6",
        "team": "PREMA Racing",
        "time": "38:20.313",
      },
      {
        "best": "1:47.535",
        "code": "FOR",
        "gap": "4.403",
        "int": "0.149",
        "kph": "192.843",
        "lap": 19,
        "laps": 20,
        "name": "L. Fornaroli",
        "number": 1,
        "position": "7",
        "team": "Invicta Racing",
        "time": "38:20.462",
      },
      {
        "best": "1:47.492",
        "code": "VMA",
        "gap": "5.601",
        "int": "1.198",
        "kph": "192.742",
        "lap": 19,
        "laps": 20,
        "name": "V. Martins",
        "number": 14,
        "position": "8",
        "team": "ART Grand Prix",
        "time": "38:21.660",
      },
      {
        "best": "1:47.436",
        "code": "BRO",
        "gap": "6.185",
        "int": "0.584",
        "kph": "192.693",
        "lap": 7,
        "laps": 20,
        "name": "L. Browning",
        "number": 7,
        "position": "9",
        "team": "Hitech TGR",
        "time": "38:22.244",
      },
      {
        "best": "1:47.584",
        "code": "MAI",
        "gap": "6.672",
        "int": "0.487",
        "kph": "192.652",
        "lap": 20,
        "laps": 20,
        "name": "K. Maini",
        "number": 12,
        "position": "10",
        "team": "DAMS Lucas Oil",
        "time": "38:22.731",
      },
      {
        "best": "1:47.612",
        "code": "GOE",
        "gap": "7.361",
        "int": "0.689",
        "kph": "192.595",
        "lap": 9,
        "laps": 20,
        "name": "O. Goethe",
        "number": 5,
        "position": "11",
        "team": "MP Motorsport",
        "time": "38:23.420",
      },
      {
        "best": "1:47.335",
        "code": "DUR",
        "gap": "7.556",
        "int": "0.195",
        "kph": "192.579",
        "lap": 15,
        "laps": 20,
        "name": "J. Dürksen",
        "number": 20,
        "position": "12",
        "team": "AIX Racing",
        "time": "38:23.615",
      },
      {
        "best": "1:47.347",
        "code": "MON",
        "gap": "8.244",
        "int": "0.688",
        "kph": "192.521",
        "lap": 20,
        "laps": 20,
        "name": "S. Montoya",
        "number": 9,
        "position": "13",
        "team": "PREMA Racing",
        "time": "38:24.303",
      },
      {
        "best": "1:47.623",
        "code": "ACO",
        "gap": "9.203",
        "int": "0.959",
        "kph": "192.441",
        "lap": 19,
        "laps": 20,
        "name": "A. Cordeel",
        "number": 16,
        "position": "14",
        "team": "Rodin Motorsport",
        "time": "38:25.262",
      },
      {
        "best": "1:47.950",
        "code": "BEG",
        "gap": "10.463",
        "int": "1.260",
        "kph": "192.336",
        "lap": 15,
        "laps": 20,
        "name": "D. Beganovic",
        "number": 8,
        "position": "15",
        "team": "Hitech TGR",
        "time": "38:26.522",
      },
      {
        "best": "1:48.170",
        "code": "MEG",
        "gap": "11.113",
        "int": "0.650",
        "kph": "192.282",
        "lap": 20,
        "laps": 20,
        "name": "S. Meguetounif",
        "number": 22,
        "position": "16",
        "team": "TRIDENT",
        "time": "38:27.172",
      },
      {
        "best": "1:47.356",
        "code": "VIL",
        "gap": "12.226",
        "int": "1.113",
        "kph": "192.189",
        "lap": 20,
        "laps": 20,
        "name": "R. Villagómez",
        "number": 25,
        "position": "17",
        "team": "Van Amersfoort Racing",
        "time": "38:28.285",
      },
      {
        "best": "1:48.133",
        "code": "EST",
        "gap": "15.553",
        "int": "3.327",
        "kph": "191.912",
        "lap": 15,
        "laps": 20,
        "name": "M. Esterson",
        "number": 23,
        "position": "18",
        "team": "TRIDENT",
        "time": "38:31.612",
      },
      {
        "best": "1:48.258",
        "code": "MIY",
        "gap": "23.923",
        "int": "8.370",
        "kph": "192.048",
        "lap": 12,
        "laps": 20,
        "name": "R. Miyata",
        "number": 15,
        "position": "19",
        "team": "ART Grand Prix",
        "time": "38:39.982",
      },
      {
        "best": "1:47.617",
        "code": "BEN",
        "gap": "36.266",
        "int": "12.343",
        "kph": "191.027",
        "lap": 20,
        "laps": 20,
        "name": "J. Bennett",
        "number": 24,
        "position": "20",
        "team": "Van Amersfoort Racing",
        "time": "38:52.325",
      },
    ],
  },
]
`;

exports[`Testing getSprintResults function Should return sprint results with requsted string name of race 1`] = `
[
  {
    "raceType": "SPRINT RACE",
    "results": [
      {
        "best": "1:46.585",
        "code": "MAL",
        "gap": "-",
        "int": "-",
        "kph": "176.510",
        "lap": 4,
        "laps": 23,
        "name": "Z. Maloney",
        "number": 5,
        "position": "1",
        "team": "Rodin Motorsport",
        "time": "42:13.726",
      },
      {
        "best": "1:47.127",
        "code": "CRA",
        "gap": "5.490",
        "int": "5.490",
        "kph": "176.128",
        "lap": 3,
        "laps": 23,
        "name": "J. Crawford",
        "number": 7,
        "position": "2",
        "team": "DAMS Lucas Oil",
        "time": "42:19.216",
      },
      {
        "best": "1:47.183",
        "code": "JMA",
        "gap": "7.057",
        "int": "1.567",
        "kph": "176.019",
        "lap": 4,
        "laps": 23,
        "name": "J. Martí",
        "number": 21,
        "position": "3",
        "team": "Campos Racing",
        "time": "42:20.783",
      },
      {
        "best": "1:47.605",
        "code": "HAD",
        "gap": "9.783",
        "int": "2.726",
        "kph": "175.831",
        "lap": 3,
        "laps": 23,
        "name": "I. Hadjar",
        "number": 20,
        "position": "4",
        "team": "Campos Racing",
        "time": "42:23.509",
      },
      {
        "best": "1:46.909",
        "code": "ARO",
        "gap": "18.188",
        "int": "8.405",
        "kph": "175.251",
        "lap": 3,
        "laps": 23,
        "name": "P. Aron",
        "number": 17,
        "position": "5",
        "team": "Hitech Pulse-Eight",
        "time": "42:31.914",
      },
      {
        "best": "1:47.608",
        "code": "BOR",
        "gap": "18.320",
        "int": "0.132",
        "kph": "175.242",
        "lap": 4,
        "laps": 23,
        "name": "G. Bortoleto",
        "number": 10,
        "position": "6",
        "team": "Invicta Racing",
        "time": "42:32.046",
      },
      {
        "best": "1:48.132",
        "code": "OSU",
        "gap": "20.135",
        "int": "1.815",
        "kph": "175.118",
        "lap": 3,
        "laps": 23,
        "name": "Z. O'Sullivan",
        "number": 2,
        "position": "7",
        "team": "ART Grand Prix",
        "time": "42:33.861",
      },
      {
        "best": "1:47.622",
        "code": "HAU",
        "gap": "21.032",
        "int": "0.897",
        "kph": "175.056",
        "lap": 4,
        "laps": 23,
        "name": "D. Hauger",
        "number": 11,
        "position": "8",
        "team": "MP Motorsport",
        "time": "42:34.758",
      },
      {
        "best": "1:47.702",
        "code": "MIY",
        "gap": "21.490",
        "int": "0.458",
        "kph": "175.025",
        "lap": 4,
        "laps": 23,
        "name": "R. Miyata",
        "number": 6,
        "position": "9",
        "team": "Rodin Motorsport",
        "time": "42:35.216",
      },
      {
        "best": "1:47.872",
        "code": "VER",
        "gap": "21.839",
        "int": "0.349",
        "kph": "175.001",
        "lap": 5,
        "laps": 23,
        "name": "R. Verschoor",
        "number": 22,
        "position": "10",
        "team": "Trident",
        "time": "42:35.565",
      },
      {
        "best": "1:47.154",
        "code": "VMA",
        "gap": "23.840",
        "int": "2.001",
        "kph": "174.864",
        "lap": 4,
        "laps": 23,
        "name": "V. Martins",
        "number": 1,
        "position": "11",
        "team": "ART Grand Prix",
        "time": "42:37.566",
      },
      {
        "best": "1:47.660",
        "code": "JCO",
        "gap": "26.833",
        "int": "2.993",
        "kph": "174.660",
        "lap": 4,
        "laps": 23,
        "name": "J. Correa",
        "number": 8,
        "position": "12",
        "team": "DAMS Lucas Oil",
        "time": "42:40.559",
      },
      {
        "best": "1:48.169",
        "code": "MAI",
        "gap": "27.246",
        "int": "0.413",
        "kph": "174.632",
        "lap": 4,
        "laps": 23,
        "name": "K. Maini",
        "number": 9,
        "position": "13",
        "team": "Invicta Racing",
        "time": "42:40.972",
      },
      {
        "best": "1:46.072",
        "code": "ANT",
        "gap": "30.260",
        "int": "3.014",
        "kph": "174.426",
        "lap": 12,
        "laps": 23,
        "name": "A. Antonelli",
        "number": 4,
        "position": "14",
        "team": "PREMA Racing",
        "time": "42:43.986",
      },
      {
        "best": "1:46.847",
        "code": "DUR",
        "gap": "35.257",
        "int": "4.997",
        "kph": "174.087",
        "lap": 3,
        "laps": 23,
        "name": "J. Dürksen",
        "number": 24,
        "position": "15",
        "team": "AIX Racing",
        "time": "42:48.983",
      },
      {
        "best": "1:45.841",
        "code": "BEA",
        "gap": "36.247",
        "int": "0.990",
        "kph": "174.020",
        "lap": 13,
        "laps": 23,
        "name": "O. Bearman",
        "number": 3,
        "position": "16",
        "team": "PREMA Racing",
        "time": "42:49.973",
      },
      {
        "best": "1:45.833",
        "code": "FIT",
        "gap": "56.183",
        "int": "19.936",
        "kph": "172.680",
        "lap": 23,
        "laps": 23,
        "name": "E. Fittipaldi",
        "number": 14,
        "position": "17",
        "team": "Van Amersfoort Racing",
        "time": "43:09.909",
      },
      {
        "best": "1:47.644",
        "code": "COL",
        "gap": "64.819",
        "int": "8.636",
        "kph": "172.107",
        "lap": 4,
        "laps": 23,
        "name": "F. Colapinto",
        "number": 12,
        "position": "18",
        "team": "MP Motorsport",
        "time": "43:18.545",
      },
      {
        "best": "1:47.557",
        "code": "VIL",
        "gap": "81.558",
        "int": "16.739",
        "kph": "171.005",
        "lap": 5,
        "laps": 23,
        "name": "R. Villagómez",
        "number": 15,
        "position": "19",
        "team": "Van Amersfoort Racing",
        "time": "43:45.284",
      },
    ],
  },
]
`;
