// Jest Snapshot v1, https://jestjs.io/docs/snapshot-testing

exports[`Testing getSprintResults function Should return sprint results with requsted number id 1`] = `
[
  {
    "raceType": "SPRINT RACE 1",
    "results": [
      {
        "best": "1:22.445",
        "code": "ZHO",
        "gap": "-",
        "int": "-",
        "kph": "135.422",
        "lap": 24,
        "laps": 30,
        "name": "G. Zhou",
        "number": 3,
        "position": "1",
        "team": "UNI-Virtuosi",
        "time": "44:21.272",
      },
      {
        "best": "1:22.971",
        "code": "DRU",
        "gap": "2.396",
        "int": "2.396",
        "kph": "135.300",
        "lap": 18,
        "laps": 30,
        "name": "F. Drugovich",
        "number": 4,
        "position": "2",
        "team": "UNI-Virtuosi",
        "time": "44:23.668",
      },
      {
        "best": "1:23.730",
        "code": "NIS",
        "gap": "5.909",
        "int": "3.513",
        "kph": "135.122",
        "lap": 18,
        "laps": 30,
        "name": "R. Nissany",
        "number": 16,
        "position": "3",
        "team": "DAMS",
        "time": "44:27.181",
      },
      {
        "best": "1:23.883",
        "code": "BOS",
        "gap": "7.430",
        "int": "1.521",
        "kph": "135.045",
        "lap": 12,
        "laps": 30,
        "name": "R. Boschung",
        "number": 21,
        "position": "4",
        "team": "Campos Racing",
        "time": "44:28.702",
      },
      {
        "best": "1:22.125",
        "code": "VIP",
        "gap": "11.007",
        "int": "3.577",
        "kph": "134.864",
        "lap": 22,
        "laps": 30,
        "name": "J. Vips",
        "number": 8,
        "position": "5",
        "team": "Hitech Grand Prix",
        "time": "44:32.279",
      },
      {
        "best": "1:22.128",
        "code": "TIC",
        "gap": "11.495",
        "int": "0.488",
        "kph": "134.840",
        "lap": 23,
        "laps": 30,
        "name": "D. Ticktum",
        "number": 5,
        "position": "6",
        "team": "Carlin Racing",
        "time": "44:32.767",
      },
      {
        "best": "1:22.960",
        "code": "POU",
        "gap": "13.247",
        "int": "1.752",
        "kph": "134.751",
        "lap": 24,
        "laps": 30,
        "name": "T. Pourchaire",
        "number": 10,
        "position": "7",
        "team": "ART Grand Prix",
        "time": "44:34.519",
      },
      {
        "best": "1:23.906",
        "code": "PIA",
        "gap": "15.247",
        "int": "2.000",
        "kph": "134.651",
        "lap": 21,
        "laps": 30,
        "name": "O. Piastri",
        "number": 2,
        "position": "8",
        "team": "PREMA Racing",
        "time": "44:36.519",
      },
      {
        "best": "1:23.840",
        "code": "LAW",
        "gap": "17.514",
        "int": "2.267",
        "kph": "134.537",
        "lap": 12,
        "laps": 30,
        "name": "L. Lawson",
        "number": 7,
        "position": "9",
        "team": "Hitech Grand Prix",
        "time": "44:38.786",
      },
      {
        "best": "1:24.191",
        "code": "ARM",
        "gap": "18.947",
        "int": "1.433",
        "kph": "134.465",
        "lap": 9,
        "laps": 30,
        "name": "M. Armstrong",
        "number": 17,
        "position": "10",
        "team": "DAMS",
        "time": "44:40.219",
      },
      {
        "best": "1:24.243",
        "code": "DAR",
        "gap": "19.290",
        "int": "0.343",
        "kph": "134.447",
        "lap": 8,
        "laps": 30,
        "name": "J. Daruvala",
        "number": 6,
        "position": "11",
        "team": "Carlin Racing",
        "time": "44:40.562",
      },
      {
        "best": "1:24.290",
        "code": "BEC",
        "gap": "19.546",
        "int": "0.256",
        "kph": "134.435",
        "lap": 8,
        "laps": 30,
        "name": "D. Beckmann",
        "number": 14,
        "position": "12",
        "team": "Charouz Racing System",
        "time": "44:40.818",
      },
      {
        "best": "1:24.148",
        "code": "VER",
        "gap": "19.915",
        "int": "0.369",
        "kph": "134.416",
        "lap": 12,
        "laps": 30,
        "name": "R. Verschoor",
        "number": 11,
        "position": "13",
        "team": "MP Motorsport",
        "time": "44:41.187",
      },
      {
        "best": "1:24.099",
        "code": "VIS",
        "gap": "20.234",
        "int": "0.319",
        "kph": "134.400",
        "lap": 14,
        "laps": 30,
        "name": "B. Viscaal",
        "number": 24,
        "position": "14",
        "team": "Trident",
        "time": "44:41.506",
      },
      {
        "best": "1:24.397",
        "code": "ZEN",
        "gap": "20.755",
        "int": "0.521",
        "kph": "134.374",
        "lap": 20,
        "laps": 30,
        "name": "L. Zendeli",
        "number": 12,
        "position": "15",
        "team": "MP Motorsport",
        "time": "44:42.027",
      },
      {
        "best": "1:24.263",
        "code": "AIT",
        "gap": "21.168",
        "int": "0.413",
        "kph": "134.353",
        "lap": 23,
        "laps": 30,
        "name": "J. Aitken",
        "number": 22,
        "position": "16",
        "team": "HWA RACELAB",
        "time": "44:42.440",
      },
      {
        "best": "1:24.487",
        "code": "SAM",
        "gap": "21.873",
        "int": "0.705",
        "kph": "134.318",
        "lap": 23,
        "laps": 30,
        "name": "G. Samaia",
        "number": 15,
        "position": "17",
        "team": "Charouz Racing System",
        "time": "44:43.145",
      },
      {
        "best": "1:26.315",
        "code": "DEL",
        "gap": "1 LAP",
        "int": "1 LAP",
        "kph": "128.847",
        "lap": 23,
        "laps": 29,
        "name": "A. Deledda",
        "number": 23,
        "position": "18",
        "team": "HWA RACELAB",
        "time": "45:03.834",
      },
      {
        "best": "1:24.669",
        "code": "SAT",
        "gap": "DNF",
        "int": "-",
        "kph": "134.076",
        "lap": 16,
        "laps": 28,
        "name": "M. Sato",
        "number": 25,
        "position": "19",
        "team": "Trident",
        "time": "41:48.788",
      },
    ],
  },
  {
    "raceType": "SPRINT RACE 2",
    "results": [
      {
        "best": "1:35.220",
        "code": "TIC",
        "gap": "8.068",
        "int": "8.068",
        "kph": "117.045",
        "lap": 20,
        "laps": 28,
        "name": "D. Ticktum",
        "number": 5,
        "position": "1",
        "team": "Carlin Racing",
        "time": "47:53.826",
      },
      {
        "best": "1:36.160",
        "code": "PIA",
        "gap": "8.833",
        "int": "0.765",
        "kph": "117.014",
        "lap": 28,
        "laps": 28,
        "name": "O. Piastri",
        "number": 2,
        "position": "2",
        "team": "PREMA Racing",
        "time": "47:54.591",
      },
      {
        "best": "1:35.192",
        "code": "VIP",
        "gap": "9.240",
        "int": "0.407",
        "kph": "116.998",
        "lap": 20,
        "laps": 28,
        "name": "J. Vips",
        "number": 8,
        "position": "3",
        "team": "Hitech Grand Prix",
        "time": "47:54.998",
      },
      {
        "best": "1:35.697",
        "code": "POU",
        "gap": "10.169",
        "int": "0.929",
        "kph": "116.960",
        "lap": 19,
        "laps": 28,
        "name": "T. Pourchaire",
        "number": 10,
        "position": "4",
        "team": "ART Grand Prix",
        "time": "47:55.927",
      },
      {
        "best": "1:33.704",
        "code": "BOS",
        "gap": "14.336",
        "int": "4.167",
        "kph": "116.791",
        "lap": 27,
        "laps": 28,
        "name": "R. Boschung",
        "number": 21,
        "position": "5",
        "team": "Campos Racing",
        "time": "48:00.094",
      },
      {
        "best": "1:33.463",
        "code": "VER",
        "gap": "16.449",
        "int": "2.113",
        "kph": "116.705",
        "lap": 27,
        "laps": 28,
        "name": "R. Verschoor",
        "number": 11,
        "position": "6",
        "team": "MP Motorsport",
        "time": "48:02.207",
      },
      {
        "best": "1:35.871",
        "code": "ZEN",
        "gap": "21.452",
        "int": "5.003",
        "kph": "116.503",
        "lap": 27,
        "laps": 28,
        "name": "L. Zendeli",
        "number": 12,
        "position": "7",
        "team": "MP Motorsport",
        "time": "48:07.210",
      },
      {
        "best": "1:36.282",
        "code": "DAR",
        "gap": "23.962",
        "int": "2.510",
        "kph": "116.402",
        "lap": 27,
        "laps": 28,
        "name": "J. Daruvala",
        "number": 6,
        "position": "8",
        "team": "Carlin Racing",
        "time": "48:09.720",
      },
      {
        "best": "1:35.959",
        "code": "AIT",
        "gap": "24.378",
        "int": "0.416",
        "kph": "116.385",
        "lap": 27,
        "laps": 28,
        "name": "J. Aitken",
        "number": 22,
        "position": "9",
        "team": "HWA RACELAB",
        "time": "48:10.136",
      },
      {
        "best": "1:30.728",
        "code": "SHW",
        "gap": "47.293",
        "int": "22.915",
        "kph": "115.469",
        "lap": 28,
        "laps": 28,
        "name": "R. Shwartzman",
        "number": 1,
        "position": "10",
        "team": "PREMA Racing",
        "time": "48:33.051",
      },
      {
        "best": "1:36.716",
        "code": "VIS",
        "gap": "71.957",
        "int": "24.664",
        "kph": "114.500",
        "lap": 27,
        "laps": 28,
        "name": "B. Viscaal",
        "number": 24,
        "position": "11",
        "team": "Trident",
        "time": "48:57.715",
      },
      {
        "best": "1:38.637",
        "code": "DEL",
        "gap": "1 LAP",
        "int": "1 LAP",
        "kph": "112.534",
        "lap": 26,
        "laps": 27,
        "name": "A. Deledda",
        "number": 23,
        "position": "12",
        "team": "HWA RACELAB",
        "time": "48:02.293",
      },
      {
        "best": "1:39.305",
        "code": "SAM",
        "gap": "1 LAP",
        "int": "73.328",
        "kph": "109.742",
        "lap": 18,
        "laps": 27,
        "name": "G. Samaia",
        "number": 15,
        "position": "13",
        "team": "Charouz Racing System",
        "time": "49:15.621",
      },
      {
        "best": "1:36.571",
        "code": "DRU",
        "gap": "2 LAPS",
        "int": "1 LAP",
        "kph": "108.328",
        "lap": 18,
        "laps": 26,
        "name": "F. Drugovich",
        "number": 4,
        "position": "14",
        "team": "UNI-Virtuosi",
        "time": "48:03.300",
      },
      {
        "best": "1:34.756",
        "code": "ZHO",
        "gap": "2 LAPS",
        "int": "14.318",
        "kph": "107.793",
        "lap": 26,
        "laps": 26,
        "name": "G. Zhou",
        "number": 3,
        "position": "15",
        "team": "UNI-Virtuosi",
        "time": "48:17.618",
      },
    ],
  },
]
`;

exports[`Testing getSprintResults function Should return sprint results with requsted string name of race 1`] = `
[
  {
    "raceType": "SPRINT RACE",
    "results": [
      {
        "best": "1:46.585",
        "code": "MAL",
        "gap": "-",
        "int": "-",
        "kph": "176.510",
        "lap": 4,
        "laps": 23,
        "name": "Z. Maloney",
        "number": 5,
        "position": "1",
        "team": "Rodin Motorsport",
        "time": "42:13.726",
      },
      {
        "best": "1:47.127",
        "code": "CRA",
        "gap": "5.490",
        "int": "5.490",
        "kph": "176.128",
        "lap": 3,
        "laps": 23,
        "name": "J. Crawford",
        "number": 7,
        "position": "2",
        "team": "DAMS Lucas Oil",
        "time": "42:19.216",
      },
      {
        "best": "1:47.183",
        "code": "JMA",
        "gap": "7.057",
        "int": "1.567",
        "kph": "176.019",
        "lap": 4,
        "laps": 23,
        "name": "J. Martí",
        "number": 21,
        "position": "3",
        "team": "Campos Racing",
        "time": "42:20.783",
      },
      {
        "best": "1:47.605",
        "code": "HAD",
        "gap": "9.783",
        "int": "2.726",
        "kph": "175.831",
        "lap": 3,
        "laps": 23,
        "name": "I. Hadjar",
        "number": 20,
        "position": "4",
        "team": "Campos Racing",
        "time": "42:23.509",
      },
      {
        "best": "1:46.909",
        "code": "ARO",
        "gap": "18.188",
        "int": "8.405",
        "kph": "175.251",
        "lap": 3,
        "laps": 23,
        "name": "P. Aron",
        "number": 17,
        "position": "5",
        "team": "Hitech Pulse-Eight",
        "time": "42:31.914",
      },
      {
        "best": "1:47.608",
        "code": "BOR",
        "gap": "18.320",
        "int": "0.132",
        "kph": "175.242",
        "lap": 4,
        "laps": 23,
        "name": "G. Bortoleto",
        "number": 10,
        "position": "6",
        "team": "Invicta Racing",
        "time": "42:32.046",
      },
      {
        "best": "1:48.132",
        "code": "OSU",
        "gap": "20.135",
        "int": "1.815",
        "kph": "175.118",
        "lap": 3,
        "laps": 23,
        "name": "Z. O'Sullivan",
        "number": 2,
        "position": "7",
        "team": "ART Grand Prix",
        "time": "42:33.861",
      },
      {
        "best": "1:47.622",
        "code": "HAU",
        "gap": "21.032",
        "int": "0.897",
        "kph": "175.056",
        "lap": 4,
        "laps": 23,
        "name": "D. Hauger",
        "number": 11,
        "position": "8",
        "team": "MP Motorsport",
        "time": "42:34.758",
      },
      {
        "best": "1:47.702",
        "code": "MIY",
        "gap": "21.490",
        "int": "0.458",
        "kph": "175.025",
        "lap": 4,
        "laps": 23,
        "name": "R. Miyata",
        "number": 6,
        "position": "9",
        "team": "Rodin Motorsport",
        "time": "42:35.216",
      },
      {
        "best": "1:47.872",
        "code": "VER",
        "gap": "21.839",
        "int": "0.349",
        "kph": "175.001",
        "lap": 5,
        "laps": 23,
        "name": "R. Verschoor",
        "number": 22,
        "position": "10",
        "team": "Trident",
        "time": "42:35.565",
      },
      {
        "best": "1:47.154",
        "code": "VMA",
        "gap": "23.840",
        "int": "2.001",
        "kph": "174.864",
        "lap": 4,
        "laps": 23,
        "name": "V. Martins",
        "number": 1,
        "position": "11",
        "team": "ART Grand Prix",
        "time": "42:37.566",
      },
      {
        "best": "1:47.660",
        "code": "JCO",
        "gap": "26.833",
        "int": "2.993",
        "kph": "174.660",
        "lap": 4,
        "laps": 23,
        "name": "J. Correa",
        "number": 8,
        "position": "12",
        "team": "DAMS Lucas Oil",
        "time": "42:40.559",
      },
      {
        "best": "1:48.169",
        "code": "MAI",
        "gap": "27.246",
        "int": "0.413",
        "kph": "174.632",
        "lap": 4,
        "laps": 23,
        "name": "K. Maini",
        "number": 9,
        "position": "13",
        "team": "Invicta Racing",
        "time": "42:40.972",
      },
      {
        "best": "1:46.072",
        "code": "ANT",
        "gap": "30.260",
        "int": "3.014",
        "kph": "174.426",
        "lap": 12,
        "laps": 23,
        "name": "A. Antonelli",
        "number": 4,
        "position": "14",
        "team": "PREMA Racing",
        "time": "42:43.986",
      },
      {
        "best": "1:46.847",
        "code": "DUR",
        "gap": "35.257",
        "int": "4.997",
        "kph": "174.087",
        "lap": 3,
        "laps": 23,
        "name": "J. Dürksen",
        "number": 24,
        "position": "15",
        "team": "AIX Racing",
        "time": "42:48.983",
      },
      {
        "best": "1:45.841",
        "code": "BEA",
        "gap": "36.247",
        "int": "0.990",
        "kph": "174.020",
        "lap": 13,
        "laps": 23,
        "name": "O. Bearman",
        "number": 3,
        "position": "16",
        "team": "PREMA Racing",
        "time": "42:49.973",
      },
      {
        "best": "1:45.833",
        "code": "FIT",
        "gap": "56.183",
        "int": "19.936",
        "kph": "172.680",
        "lap": 23,
        "laps": 23,
        "name": "E. Fittipaldi",
        "number": 14,
        "position": "17",
        "team": "Van Amersfoort Racing",
        "time": "43:09.909",
      },
      {
        "best": "1:47.644",
        "code": "COL",
        "gap": "64.819",
        "int": "8.636",
        "kph": "172.107",
        "lap": 4,
        "laps": 23,
        "name": "F. Colapinto",
        "number": 12,
        "position": "18",
        "team": "MP Motorsport",
        "time": "43:18.545",
      },
      {
        "best": "1:47.557",
        "code": "VIL",
        "gap": "81.558",
        "int": "16.739",
        "kph": "171.005",
        "lap": 5,
        "laps": 23,
        "name": "R. Villagómez",
        "number": 15,
        "position": "19",
        "team": "Van Amersfoort Racing",
        "time": "43:45.284",
      },
    ],
  },
]
`;
